
> time-table@0.0.0 test
> jest src/components/faculty/__tests__/FacultyRequests.test.jsx --verbose

node.exe : FAIL src/co
mponents/faculty/__tes
ts__/FacultyRequests.t
est.jsx
At line:1 char:1
+ & "C:\Program Files\
nodejs/node.exe" 
"C:\Program 
Files\nodejs/node_mo 
...
+ ~~~~~~~~~~~~~~~~~~~~
~~~~~~~~~~~~~~~~~~~~~~
~~~~~~~~~~~~~~~~~~~~~~
~~~~~
    + CategoryInfo    
          : NotSpeci  
  fied: (FAIL src/c   
 ompon...quests.te    
st.jsx:String) []    
, RemoteException
    + FullyQualifiedE 
   rrorId : NativeCo  
  mmandError
 
  FacultyRequests 
Basic Tests
    ΓêÜ renders the 
page header and 
initial request cards 
(98 ms)
    ΓêÜ displays 
correct slot move 
information (39 ms)
    ├ù handles 
"Forward to Admin" 
action correctly 
(1024 ms)
    ├ù handles 
"Reject" action 
correctly (1043 ms)
    ├ù shows empty 
state message when no 
requests exist (1009 
ms)

  ΓùÅ FacultyRequests 
Basic Tests ΓÇ║ 
handles "Forward to 
Admin" action 
correctly

    Unable to find an 
element with the 
text: /Forward to 
Admin/i. This could 
be because the text 
is broken up by 
multiple elements. In 
this case, you can 
provide a function 
for your text matcher 
to make your matcher 
more flexible.

    Ignored nodes: 
comments, script, 
style
    [36m<body>[39m
      [36m<div>[39m
        [36m<div[39m
          [33mclass[
39m=[32m"dashboard-fa
de-in"[39m
          [33mstyle[
39m=[32m"display: 
flex; flex-direction: 
column; gap: 1.5rem; 
width: 100%;"[39m
        [36m>[39m
          
[36m<div[39m
            [33mclass
[39m=[32m"page-heade
r"[39m
            [33mstyle
[39m=[32m"margin-bot
tom: 2rem;"[39m
          [36m>[39m
            
[36m<h2[39m
              [33msty
le[39m=[32m"font-siz
e: 1.8rem; 
font-weight: 700; 
color: 
var(--text-main); 
margin: 0px;"[39m
            
[36m>[39m
              
[0mRescheduling 
Requests[0m
            
[36m</h2>[39m
            
[36m<p[39m
              [33msty
le[39m=[32m"color: 
var(--text-muted); 
margin: 0.5rem 0px 
0px 0px;"[39m
            
[36m>[39m
              
[0mReview and 
forward slot change 
requests to Admin[0m
            
[36m</p>[39m
          
[36m</div>[39m
          
[36m<div[39m
            [33mstyle
[39m=[32m"display: 
flex; gap: 0.5rem; 
flex-wrap: wrap; 
max-width: 900px; 
margin: 0px auto 2rem 
auto;"[39m
          [36m>[39m
            
[36m<button[39m
              [33msty
le[39m=[32m"padding:
 0.5rem 1rem; 
background-color: 
var(--primary); 
color: white; border: 
1px solid 
var(--border); 
border-radius: 
var(--radius-md); 
cursor: pointer; 
font-weight: 600; 
font-size: 0.9rem; 
transition: all 
0.2s;"[39m
            
[36m>[39m
              
[0mPending 
Faculty[0m
            
[36m</button>[39m
            
[36m<button[39m
              [33msty
le[39m=[32m"padding:
 0.5rem 1rem; 
background-color: 
var(--surface); 
color: 
var(--text-main); 
border: 1px solid 
var(--border); 
border-radius: 
var(--radius-md); 
cursor: pointer; 
font-weight: 600; 
font-size: 0.9rem; 
transition: all 
0.2s;"[39m
            
[36m>[39m
              
[0mPending Admin[0m
            
[36m</button>[39m
            
[36m<button[39m
              [33msty
le[39m=[32m"padding:
 0.5rem 1rem; 
background-color: 
var(--surface); 
color: 
var(--text-main); 
border: 1px solid 
var(--border); 
border-radius: 
var(--radius-md); 
cursor: pointer; 
font-weight: 600; 
font-size: 0.9rem; 
transition: all 
0.2s;"[39m
            
[36m>[39m
              
[0mApproved[0m
            
[36m</button>[39m
            
[36m<button[39m
              [33msty
le[39m=[32m"padding:
 0.5rem 1rem; 
background-color: 
var(--surface); 
color: 
var(--text-main); 
border: 1px solid 
var(--border); 
border-radius: 
var(--radius-md); 
cursor: pointer; 
font-weight: 600; 
font-size: 0.9rem; 
transition: all 
0.2s;"[39m
            
[36m>[39m
              
[0mRejected[0m
            
[36m</button>[39m
            
[36m<button[39m
              [33msty
le[39m=[32m"padding:
 0.5rem 1rem; 
background-color: 
var(--surface); 
color: 
var(--text-main); 
border: 1px solid 
var(--border); 
border-radius: 
var(--radius-md); 
cursor: pointer; 
font-weight: 600; 
font-size: 0.9rem; 
transition: all 
0.2s;"[39m
            
[36m>[39m
              
[0mAll[0m
            
[36m</button>[39m
          
[36m</div>[39m
          
[36m<div[39m
            [33mstyle
[39m=[32m"max-width:
 900px; margin: 0px 
auto; width: 
100%;"[39m
          [36m>[39m
            
[36m<div[39m
              [33msty
le[39m=[32m"display:
 grid; gap: 
1.5rem;"[39m
            
[36m>[39m
              
[36m<div[39m
                [33mc
lass[39m=[32m"modern
-card"[39m
                [33ms
tyle[39m=[32m"backgr
ound-color: 
var(--surface); 
padding: 1.5rem; 
border-radius: 
var(--radius-lg); 
box-shadow: 
var(--shadow-md); 
border: 1px solid 
var(--border); 
border-left: 4px 
solid rgb(251, 191, 
36);"[39m
              
[36m>[39m
                
[36m<div[39m
                  [33
mstyle[39m=[32m"disp
lay: flex; 
justify-content: 
space-between; 
align-items: 
flex-start; 
margin-bottom: 
1rem;"[39m
                
[36m>[39m
                  
[36m<div>[39m
                    
[36m<h4[39m
                      
[33mstyle[39m=[32m"
margin: 0px 0px 
0.5rem 0px; color: 
var(--text-main); 
font-size: 
1.2rem;"[39m
                    
[36m>[39m
                      
[0m23CSE312[0m
                      
[0m - [0m
                      
[0mCS Second Year[0m
                    
[36m</h4>[39m
                    
[36m<p[39m
                      
[33mstyle[39m=[32m"
margin: 0px; color: 
var(--text-muted); 
font-size: 
0.9rem;"[39m
                    
[36m>[39m
                      
[0mRequested by: [0m
                      
[0mStudent[0m
                    
[36m</p>[39m
                  
[36m</div>[39m
                  
[36m<span[39m
                    [
33mstyle[39m=[32m"fo
nt-size: 0.85rem; 
font-weight: 600; 
padding: 0.35rem 
0.85rem; 
border-radius: 999px; 
background-color: 
rgb(254, 243, 199); 
color: rgb(146, 64, 
14); display: 
inline-flex; 
align-items: center; 
gap: 0.5rem;"[39m
                  
[36m>[39m
                    
[36m<svg[39m
                      
[33maria-hidden[39m=
[32m"true"[39m
                      
[33mclass[39m=[32m"
lucide 
lucide-clock"[39m
                      
[33mfill[39m=[32m"n
one"[39m
                      
[33mheight[39m=[32m
"14"[39m
                      
[33mstroke[39m=[32m
"currentColor"[39m
                      
[33mstroke-linecap[3
9m=[32m"round"[39m
                      
[33mstroke-linejoin[
39m=[32m"round"[39m
                      
[33mstroke-width[39m
=[32m"2"[39m
                      
[33mviewBox[39m=[32
m"0 0 24 24"[39m
                      
[33mwidth[39m=[32m"
14"[39m
                      
[33mxmlns[39m=[32m"
http://www.w3.org/2000
/svg"[39m
                    
[36m>[39m
                      
[36m<path[39m
                      
  
[33md[39m=[32m"M12 
6v6l4 2"[39m
                      
[36m/>[39m
                      
[36m<circle[39m
                      
  [33mcx[39m=[32m"1
2"[39m
                      
  [33mcy[39m=[32m"1
2"[39m
                      
  [33mr[39m=[32m"10
"[39m
                      
[36m/>[39m
                    
[36m</svg>[39m
                    
[0mPending 
Faculty[0m
                  
[36m</span>[39m
                
[36m</div>[39m
                
[36m<div[39m
                  [33
mstyle[39m=[32m"disp
lay: grid; grid-templa
te-columns: 1fr auto 
1fr; gap: 1.5rem; 
align-items: center; 
margin-top: 1.5rem; 
padding: 1.5rem; 
background: 
var(--bg); 
border-radius: var(--r
adius-md);"[39m
                
[36m>[39m
                  
[36m<div>[39m
                    
[36m<div[39m
                      
[33mstyle[39m=[32m"
font-size: 0.8rem; 
color: 
var(--text-muted); 
margin-bottom: 
0.5rem; font-weight: 
600;"[39m
                    
[36m>[39m
                      
[0mCURRENT SLOT[0m
                    
[36m</div>[39m
                    
[36m<div[39m
                      
[33mstyle[39m=[32m"
font-weight: 700; 
color: 
var(--text-main); 
font-size: 1.1rem; 
margin-bottom: 
0.25rem;"[39m
                    
[36m>[39m
                      
[0mMonday[0m
                    
[36m</div>[39m
                    
[36m<div[39m
                      
[33mstyle[39m=[32m"
font-size: 1rem; 
color: 
var(--text-main); 
margin-bottom: 
0.5rem;"[39m
                    
[36m>[39m
                      
[0mSlot [0m
                      
[0m3[0m
                    
[36m</div>[39m
                  
[36m</div>[39m
                  
[36m<div[39m
                    [
33mstyle[39m=[32m"fo
nt-size: 2rem; color: 
var(--primary);"[39m
                  
[36m>[39m
                    
[0mΓåÆ[0m
                  
[36m</div>[39m
        ...

    [0m [90m 55 
|[39m     render([33
m<[39m[33mFacultyReq
uests[39m [33m/[39m
[33m>[39m)[33m;[39
m
     [90m 56 |[39m
    [31m[1m>[22m[3
9m[90m 57 |[39m     
[36mconst[39m 
forwardBtns 
[33m=[39m 
[36mawait[39m screen
[33m.[39mfindAllByTe
xt([35m/Forward to Ad
min/i[39m)[33m;[39m
     [90m    |[39m  
                      
              
[31m[1m^[22m[39m
     [90m 58 |[39m  
   fireEvent[33m.[39
mclick(forwardBtns[[3
5m0[39m])[33m;[39m
     [90m 59 |[39m
     [90m 60 |[39m  
   [36mawait[39m 
waitFor(() 
[33m=>[39m {[0m

      at 
waitForWrapper (node_m
odules/@testing-librar
y/dom/dist/wait-for.js
:163:27)
      at node_modules/
@testing-library/dom/d
ist/query-helpers.js:8
6:33
      at 
findAllByText (src/com
ponents/faculty/__test
s__/FacultyRequests.te
st.jsx:57:38)
      at 
Generator.call (src/co
mponents/faculty/__tes
ts__/FacultyRequests.t
est.jsx:2:1)
      at 
Generator._invoke [as 
next] (src/components/
faculty/__tests__/Facu
ltyRequests.test.jsx:2
:1)
      at 
asyncGeneratorStep (sr
c/components/faculty/_
_tests__/FacultyReques
ts.test.jsx:2:1)
      at 
asyncGeneratorStep (sr
c/components/faculty/_
_tests__/FacultyReques
ts.test.jsx:2:1)
      at _next (src/co
mponents/faculty/__tes
ts__/FacultyRequests.t
est.jsx:2:1)
      at 
Object.<anonymous> (sr
c/components/faculty/_
_tests__/FacultyReques
ts.test.jsx:2:1)

  ΓùÅ FacultyRequests 
Basic Tests ΓÇ║ 
handles "Reject" 
action correctly

    expect(jest.fn()).
toHaveBeenCalledWith(.
..expected)

    Expected: 
"Request rejected"

    Number of calls: 0

    Ignored nodes: 
comments, script, 
style
    [36m<html>[39m
      [36m<head 
/>[39m
      [36m<body>[39m
        
[36m<div>[39m
          
[36m<div[39m
            [33mclass
[39m=[32m"dashboard-
fade-in"[39m
            [33mstyle
[39m=[32m"display: 
flex; flex-direction: 
column; gap: 1.5rem; 
width: 100%;"[39m
          [36m>[39m
            
[36m<div[39m
              [33mcla
ss[39m=[32m"page-hea
der"[39m
              [33msty
le[39m=[32m"margin-b
ottom: 2rem;"[39m
            
[36m>[39m
              
[36m<h2[39m
                [33ms
tyle[39m=[32m"font-s
ize: 1.8rem; 
font-weight: 700; 
color: 
var(--text-main); 
margin: 0px;"[39m
              
[36m>[39m
                
[0mRescheduling 
Requests[0m
              
[36m</h2>[39m
              
[36m<p[39m
                [33ms
tyle[39m=[32m"color:
 var(--text-muted); 
margin: 0.5rem 0px 
0px 0px;"[39m
              
[36m>[39m
                
[0mReview and 
forward slot change 
requests to Admin[0m
              
[36m</p>[39m
            
[36m</div>[39m
            
[36m<div[39m
              [33msty
le[39m=[32m"display:
 flex; gap: 0.5rem; 
flex-wrap: wrap; 
max-width: 900px; 
margin: 0px auto 2rem 
auto;"[39m
            
[36m>[39m
              
[36m<button[39m
                [33ms
tyle[39m=[32m"paddin
g: 0.5rem 1rem; 
background-color: 
var(--surface); 
color: 
var(--text-main); 
border: 1px solid 
var(--border); 
border-radius: 
var(--radius-md); 
cursor: pointer; 
font-weight: 600; 
font-size: 0.9rem; 
transition: all 
0.2s;"[39m
              
[36m>[39m
                
[0mPending 
Faculty[0m
              
[36m</button>[39m
              
[36m<button[39m
                [33ms
tyle[39m=[32m"paddin
g: 0.5rem 1rem; 
background-color: 
var(--surface); 
color: 
var(--text-main); 
border: 1px solid 
var(--border); 
border-radius: 
var(--radius-md); 
cursor: pointer; 
font-weight: 600; 
font-size: 0.9rem; 
transition: all 
0.2s;"[39m
              
[36m>[39m
                
[0mPending Admin[0m
              
[36m</button>[39m
              
[36m<button[39m
                [33ms
tyle[39m=[32m"paddin
g: 0.5rem 1rem; 
background-color: 
var(--surface); 
color: 
var(--text-main); 
border: 1px solid 
var(--border); 
border-radius: 
var(--radius-md); 
cursor: pointer; 
font-weight: 600; 
font-size: 0.9rem; 
transition: all 
0.2s;"[39m
              
[36m>[39m
                
[0mApproved[0m
              
[36m</button>[39m
              
[36m<button[39m
                [33ms
tyle[39m=[32m"paddin
g: 0.5rem 1rem; 
background-color: 
var(--primary); 
color: white; border: 
1px solid 
var(--border); 
border-radius: 
var(--radius-md); 
cursor: pointer; 
font-weight: 600; 
font-size: 0.9rem; 
transition: all 
0.2s;"[39m
              
[36m>[39m
                
[0mRejected[0m
              
[36m</button>[39m
              
[36m<button[39m
                [33ms
tyle[39m=[32m"paddin
g: 0.5rem 1rem; 
background-color: 
var(--surface); 
color: 
var(--text-main); 
border: 1px solid 
var(--border); 
border-radius: 
var(--radius-md); 
cursor: pointer; 
font-weight: 600; 
font-size: 0.9rem; 
transition: all 
0.2s;"[39m
              
[36m>[39m
                
[0mAll[0m
              
[36m</button>[39m
            
[36m</div>[39m
            
[36m<div[39m
              [33msty
le[39m=[32m"max-widt
h: 900px; margin: 0px 
auto; width: 
100%;"[39m
            
[36m>[39m
              
[36m<div[39m
                [33ms
tyle[39m=[32m"displa
y: grid; gap: 
1.5rem;"[39m
              
[36m>[39m
                
[36m<div[39m
                  [33
mclass[39m=[32m"mode
rn-card"[39m
                  [33
mstyle[39m=[32m"back
ground-color: 
var(--surface); 
padding: 1.5rem; 
border-radius: 
var(--radius-lg); 
box-shadow: 
var(--shadow-md); 
border: 1px solid 
var(--border); 
border-left: 4px 
solid rgb(251, 191, 
36);"[39m
                
[36m>[39m
                  
[36m<div[39m
                    [
33mstyle[39m=[32m"di
splay: flex; 
justify-content: 
space-between; 
align-items: 
flex-start; 
margin-bottom: 
1rem;"[39m
                  
[36m>[39m
                    
[36m<div>[39m
                      
[36m<h4[39m
                      
  [33mstyle[39m=[32
m"margin: 0px 0px 
0.5rem 0px; color: 
var(--text-main); 
font-size: 
1.2rem;"[39m
                      
[36m>[39m
                      
  [0m23CSE312[0m
                      
  [0m - [0m
                      
  [0mCS Second 
Year[0m
                      
[36m</h4>[39m
                      
[36m<p[39m
                      
  [33mstyle[39m=[32
m"margin: 0px; color: 
var(--text-muted); 
font-size: 
0.9rem;"[39m
                      
[36m>[39m
                      
  [0mRequested by: 
[0m
                      
  [0mStudent[0m
                      
[36m</p>[39m
                    
[36m</div>[39m
                    
[36m<span[39m
                      
[33mstyle[39m=[32m"
font-size: 0.85rem; 
font-weight: 600; 
padding: 0.35rem 
0.85rem; 
border-radius: 999px; 
background-color: 
rgb(254, 243, 199); 
color: rgb(146, 64, 
14); display: 
inline-flex; 
align-items: center; 
gap: 0.5rem;"[39m
                    
[36m>[39m
                      
[36m<svg[39m
                      
  [33maria-hidden[39
m=[32m"true"[39m
                      
  [33mclass[39m=[32
m"lucide 
lucide-clock"[39m
                      
  [33mfill[39m=[32m
"none"[39m
                      
  [33mheight[39m=[3
2m"14"[39m
                      
  [33mstroke[39m=[3
2m"currentColor"[39m
                      
  [33mstroke-linecap
[39m=[32m"round"[39m
                      
  [33mstroke-linejoin
[39m=[32m"round"[39
m
                      
  [33mstroke-width[3
9m=[32m"2"[39m
                      
  [33mviewBox[39m=[
32m"0 0 24 24"[39m
                      
  [33mwidth[39m=[32
m"14"[39m
                      
  [33mxmlns[39m=[32
m"http://www.w3.org/20
00/svg"[39m
                      
[36m>[39m
                      
  [36m<path[39m
                      
    
[33md[39m=[32m"M12 
6v6l4 2"[39m
                      
  [36m/>[39m
                      
  [36m<circle[39m
                      
    [33mcx[39m=[32m
"12"[39m
                      
    [33mcy[39m=[32m
"12"[39m
                      
    [33mr[39m=[32m"
10"[39m
                      
  [36m/>[39m
                      
[36m</svg>[39m
                      
[0mPending 
Faculty[0m
                    
[36m</span>[39m
                  
[36m</div>[39m
                  
[36m<div[39m
                    [
33mstyle[39m=[32m"di
splay: grid; grid-temp
late-columns: 1fr 
auto 1fr; gap: 
1.5rem; align-items: 
center; margin-top: 
1.5rem; padding: 
1.5rem; background: 
var(--bg); 
border-radius: var(--r
adius-md);"[39m
                  
[36m>[39m
                    
[36m<div>[39m
                      
[36m<div[39m
                      
  [33mstyle[39m=[32
m"font-size: 0.8rem; 
color: 
var(--text-muted); 
margin-bottom: 
0.5rem; font-weight: 
600;"[39m
                      
[36m>[39m
                      
  [0mCURRENT SLOT[0m
                      
[36m</div>[39m
                      
[36m<div[39m
                      
  [33mstyle[39m=[32
m"font-weight: 700; 
color: 
var(--text-main); 
font-size: 1.1rem; 
margin-bottom: 
0.25rem;"[39m
                      
[36m>[39m
                      
  [0mMonday[0m
                      
[36m</div>[39m
                      
[36m<div[39m
                      
  [33mstyle[39m=[32
m"font-size: 1rem; 
color: 
var(--text-main); 
margin-bottom: 
0.5rem;"[39m
                      
[36m>[39m
                      
  [0mSlot [0m
          ...

    [0m [90m 71 
|[39m
     [90m 72 |[39m  
   [36mawait[39m 
waitFor(() 
[33m=>[39m {
    [31m[1m>[22m[3
9m[90m 73 |[39m     
  expect(window[33m.
[39malert)[33m.[39mt
oHaveBeenCalledWith([
32m'Request rejected'
[39m)[33m;[39m
     [90m    |[39m  
                      
    
[31m[1m^[22m[39m
     [90m 74 |[39m  
   })[33m;[39m
     [90m 75 |[39m  
 })[33m;[39m
     [90m 76 
|[39m[0m

      at 
toHaveBeenCalledWith (
src/components/faculty
/__tests__/FacultyRequ
ests.test.jsx:73:28)
      at runWithExpens
iveErrorDiagnosticsDis
abled (node_modules/@t
esting-library/dom/dis
t/config.js:47:12)
      at 
checkCallback (node_mo
dules/@testing-library
/dom/dist/wait-for.js:
124:77)
      at checkRealTime
rsCallback (node_modul
es/@testing-library/do
m/dist/wait-for.js:118
:16)
      at Timeout.task 
[as _onTimeout] (node_
modules/jsdom/lib/jsdo
m/browser/Window.js:57
9:19)

  ΓùÅ FacultyRequests 
Basic Tests ΓÇ║ shows 
empty state message 
when no requests exist

    Unable to find an 
element with the 
text: /No Pending 
Requests/i. This 
could be because the 
text is broken up by 
multiple elements. In 
this case, you can 
provide a function 
for your text matcher 
to make your matcher 
more flexible.

    Ignored nodes: 
comments, script, 
style
    [36m<body>[39m
      [36m<div>[39m
        [36m<div[39m
          [33mclass[
39m=[32m"dashboard-fa
de-in"[39m
          [33mstyle[
39m=[32m"display: 
flex; flex-direction: 
column; gap: 1.5rem; 
width: 100%;"[39m
        [36m>[39m
          
[36m<div[39m
            [33mclass
[39m=[32m"page-heade
r"[39m
            [33mstyle
[39m=[32m"margin-bot
tom: 2rem;"[39m
          [36m>[39m
            
[36m<h2[39m
              [33msty
le[39m=[32m"font-siz
e: 1.8rem; 
font-weight: 700; 
color: 
var(--text-main); 
margin: 0px;"[39m
            
[36m>[39m
              
[0mRescheduling 
Requests[0m
            
[36m</h2>[39m
            
[36m<p[39m
              [33msty
le[39m=[32m"color: 
var(--text-muted); 
margin: 0.5rem 0px 
0px 0px;"[39m
            
[36m>[39m
              
[0mReview and 
forward slot change 
requests to Admin[0m
            
[36m</p>[39m
          
[36m</div>[39m
          
[36m<div[39m
            [33mstyle
[39m=[32m"display: 
flex; gap: 0.5rem; 
flex-wrap: wrap; 
max-width: 900px; 
margin: 0px auto 2rem 
auto;"[39m
          [36m>[39m
            
[36m<button[39m
              [33msty
le[39m=[32m"padding:
 0.5rem 1rem; 
background-color: 
var(--primary); 
color: white; border: 
1px solid 
var(--border); 
border-radius: 
var(--radius-md); 
cursor: pointer; 
font-weight: 600; 
font-size: 0.9rem; 
transition: all 
0.2s;"[39m
            
[36m>[39m
              
[0mPending 
Faculty[0m
            
[36m</button>[39m
            
[36m<button[39m
              [33msty
le[39m=[32m"padding:
 0.5rem 1rem; 
background-color: 
var(--surface); 
color: 
var(--text-main); 
border: 1px solid 
var(--border); 
border-radius: 
var(--radius-md); 
cursor: pointer; 
font-weight: 600; 
font-size: 0.9rem; 
transition: all 
0.2s;"[39m
            
[36m>[39m
              
[0mPending Admin[0m
            
[36m</button>[39m
            
[36m<button[39m
              [33msty
le[39m=[32m"padding:
 0.5rem 1rem; 
background-color: 
var(--surface); 
color: 
var(--text-main); 
border: 1px solid 
var(--border); 
border-radius: 
var(--radius-md); 
cursor: pointer; 
font-weight: 600; 
font-size: 0.9rem; 
transition: all 
0.2s;"[39m
            
[36m>[39m
              
[0mApproved[0m
            
[36m</button>[39m
            
[36m<button[39m
              [33msty
le[39m=[32m"padding:
 0.5rem 1rem; 
background-color: 
var(--surface); 
color: 
var(--text-main); 
border: 1px solid 
var(--border); 
border-radius: 
var(--radius-md); 
cursor: pointer; 
font-weight: 600; 
font-size: 0.9rem; 
transition: all 
0.2s;"[39m
            
[36m>[39m
              
[0mRejected[0m
            
[36m</button>[39m
            
[36m<button[39m
              [33msty
le[39m=[32m"padding:
 0.5rem 1rem; 
background-color: 
var(--surface); 
color: 
var(--text-main); 
border: 1px solid 
var(--border); 
border-radius: 
var(--radius-md); 
cursor: pointer; 
font-weight: 600; 
font-size: 0.9rem; 
transition: all 
0.2s;"[39m
            
[36m>[39m
              
[0mAll[0m
            
[36m</button>[39m
          
[36m</div>[39m
          
[36m<div[39m
            [33mstyle
[39m=[32m"max-width:
 900px; margin: 0px 
auto; width: 
100%;"[39m
          [36m>[39m
            
[36m<div[39m
              [33mcla
ss[39m=[32m"modern-c
ard"[39m
              [33msty
le[39m=[32m"padding:
 3rem; text-align: 
center; background: 
var(--surface); 
border-radius: 
var(--radius-lg); 
border: 1px solid 
var(--border);"[39m
            
[36m>[39m
              
[36m<svg[39m
                [33ma
ria-hidden[39m=[32m"
true"[39m
                [33mc
lass[39m=[32m"lucide
 lucide-circle-alert"
[39m
                [33mf
ill[39m=[32m"none"[
39m
                [33mh
eight[39m=[32m"48"[
39m
                [33ms
troke[39m=[32m"var(-
-text-muted)"[39m
                [33ms
troke-linecap[39m=[3
2m"round"[39m
                [33ms
troke-linejoin[39m=[
32m"round"[39m
                [33ms
troke-width[39m=[32m
"2"[39m
                [33ms
tyle[39m=[32m"margin
-bottom: 1rem;"[39m
                [33mv
iewBox[39m=[32m"0 0 
24 24"[39m
                [33mw
idth[39m=[32m"48"[3
9m
                [33mx
mlns[39m=[32m"http:/
/www.w3.org/2000/svg"
[39m
              
[36m>[39m
                
[36m<circle[39m
                  [33
mcx[39m=[32m"12"[39
m
                  [33
mcy[39m=[32m"12"[39
m
                  [33
mr[39m=[32m"10"[39m
                
[36m/>[39m
                
[36m<line[39m
                  [33
mx1[39m=[32m"12"[39
m
                  [33
mx2[39m=[32m"12"[39
m
                  [33
my1[39m=[32m"8"[39m
                  [33
my2[39m=[32m"12"[39
m
                
[36m/>[39m
                
[36m<line[39m
                  [33
mx1[39m=[32m"12"[39
m
                  [33
mx2[39m=[32m"12.01"
[39m
                  [33
my1[39m=[32m"16"[39
m
                  [33
my2[39m=[32m"16"[39
m
                
[36m/>[39m
              
[36m</svg>[39m
              
[36m<h3[39m
                [33ms
tyle[39m=[32m"color:
 var(--text-main); 
margin: 0px 0px 
0.5rem 0px;"[39m
              
[36m>[39m
                
[0mNo Requests[0m
              
[36m</h3>[39m
              
[36m<p[39m
                [33ms
tyle[39m=[32m"color:
 var(--text-muted); 
margin: 0px;"[39m
              
[36m>[39m
                
[0mNo requests found 
for the selected 
filter.[0m
              
[36m</p>[39m
            
[36m</div>[39m
          
[36m</div>[39m
        
[36m</div>[39m
      [36m</div>[39m
    [36m</body>[39m

    [0m [90m 79 
|[39m     render([33
m<[39m[33mFacultyReq
uests[39m [33m/[39m
[33m>[39m)[33m;[39
m
     [90m 80 |[39m
    [31m[1m>[22m[3
9m[90m 81 |[39m     
expect([36mawait[39m
 screen[33m.[39mfind
ByText([35m/No 
Pending Requests/i[39
m))[33m.[39mtoBeInTh
eDocument()[33m;[39m
     [90m    |[39m  
                      
 [31m[1m^[22m[39m
     [90m 82 |[39m  
 })[33m;[39m
     [90m 83 |[39m
     [90m 84 |[39m 
})[33m;[39m[0m

      at 
waitForWrapper (node_m
odules/@testing-librar
y/dom/dist/wait-for.js
:163:27)
      at node_modules/
@testing-library/dom/d
ist/query-helpers.js:8
6:33
      at findByText (s
rc/components/faculty/
__tests__/FacultyReque
sts.test.jsx:81:25)
      at 
Generator.call (src/co
mponents/faculty/__tes
ts__/FacultyRequests.t
est.jsx:2:1)
      at 
Generator._invoke [as 
next] (src/components/
faculty/__tests__/Facu
ltyRequests.test.jsx:2
:1)
      at 
asyncGeneratorStep (sr
c/components/faculty/_
_tests__/FacultyReques
ts.test.jsx:2:1)
      at 
asyncGeneratorStep (sr
c/components/faculty/_
_tests__/FacultyReques
ts.test.jsx:2:1)
      at _next (src/co
mponents/faculty/__tes
ts__/FacultyRequests.t
est.jsx:2:1)
      at 
Object.<anonymous> (sr
c/components/faculty/_
_tests__/FacultyReques
ts.test.jsx:2:1)

Test Suites: 1 
failed, 1 total
Tests:       3 
failed, 2 passed, 5 
total
Snapshots:   0 total
Time:        5.364 s
Ran all test suites 
matching src/component
s/faculty/__tests__/Fa
cultyRequests.test.jsx
.
